<?xml version="1.0" encoding="utf-8"?><testsuites name="pytest tests"><testsuite name="pytest" errors="0" failures="0" skipped="0" tests="0" time="0.184" timestamp="2026-06-07T22:26:34.782659+00:00" hostname="vm" /></testsuites>